  Proyecto_0.cpp
C:\Users\Jose\OneDrive - Estudiantes ITCR\TEC\Estructuras de Datos\Proyecto_0\LinkedList.h(128,5): error C2679: '<<' binario: no se encontró un operador que adopte un operando en la parte derecha de tipo 'E' (o bien no existe una conversión aceptable)
C:\Users\Jose\OneDrive - Estudiantes ITCR\TEC\Estructuras de Datos\Proyecto_0\LinkedList.h(128,5): error C2679:         with
C:\Users\Jose\OneDrive - Estudiantes ITCR\TEC\Estructuras de Datos\Proyecto_0\LinkedList.h(128,5): error C2679:         [
C:\Users\Jose\OneDrive - Estudiantes ITCR\TEC\Estructuras de Datos\Proyecto_0\LinkedList.h(128,5): error C2679:             E=Usuario
C:\Users\Jose\OneDrive - Estudiantes ITCR\TEC\Estructuras de Datos\Proyecto_0\LinkedList.h(128,5): error C2679:         ]
  (compilando archivo de origen "Proyecto_0.cpp")
      C:\Program Files\Microsoft Visual Studio\18\Community\VC\Tools\MSVC\14.50.35717\include\__msvc_ostream.hpp(480,39):
      puede ser 'std::basic_ostream<char,std::char_traits<char>> &std::basic_ostream<char,std::char_traits<char>>::operator <<(std::basic_streambuf<char,std::char_traits<char>> *)'
          C:\Users\Jose\OneDrive - Estudiantes ITCR\TEC\Estructuras de Datos\Proyecto_0\LinkedList.h(128,5):
          'std::basic_ostream<char,std::char_traits<char>> &std::basic_ostream<char,std::char_traits<char>>::operator <<(std::basic_streambuf<char,std::char_traits<char>> *)': el argumento 2 no puede convertirse de 'E' a 'std::basic_streambuf<char,std::char_traits<char>> *'
          with
          [
              E=Usuario
          ]
              C:\Users\Jose\OneDrive - Estudiantes ITCR\TEC\Estructuras de Datos\Proyecto_0\LinkedList.h(128,17):
              No hay disponible ningún operador de conversión definido por el usuario que pueda realizar esta conversión, o bien no se puede llamar al operador
      C:\Program Files\Microsoft Visual Studio\18\Community\VC\Tools\MSVC\14.50.35717\include\__msvc_ostream.hpp(448,39):
      o       'std::basic_ostream<char,std::char_traits<char>> &std::basic_ostream<char,std::char_traits<char>>::operator <<(const void *)'
          C:\Users\Jose\OneDrive - Estudiantes ITCR\TEC\Estructuras de Datos\Proyecto_0\LinkedList.h(128,5):
          'std::basic_ostream<char,std::char_traits<char>> &std::basic_ostream<char,std::char_traits<char>>::operator <<(const void *)': el argumento 2 no puede convertirse de 'E' a 'const void *'
          with
          [
              E=Usuario
          ]
              C:\Users\Jose\OneDrive - Estudiantes ITCR\TEC\Estructuras de Datos\Proyecto_0\LinkedList.h(128,17):
              No hay disponible ningún operador de conversión definido por el usuario que pueda realizar esta conversión, o bien no se puede llamar al operador
      C:\Program Files\Microsoft Visual Studio\18\Community\VC\Tools\MSVC\14.50.35717\include\__msvc_ostream.hpp(430,39):
      o       'std::basic_ostream<char,std::char_traits<char>> &std::basic_ostream<char,std::char_traits<char>>::operator <<(long double)'
          C:\Users\Jose\OneDrive - Estudiantes ITCR\TEC\Estructuras de Datos\Proyecto_0\LinkedList.h(128,5):
          'std::basic_ostream<char,std::char_traits<char>> &std::basic_ostream<char,std::char_traits<char>>::operator <<(long double)': el argumento 2 no puede convertirse de 'E' a 'long double'
          with
          [
              E=Usuario
          ]
              C:\Users\Jose\OneDrive - Estudiantes ITCR\TEC\Estructuras de Datos\Proyecto_0\LinkedList.h(128,17):
              No hay disponible ningún operador de conversión definido por el usuario que pueda realizar esta conversión, o bien no se puede llamar al operador
      C:\Program Files\Microsoft Visual Studio\18\Community\VC\Tools\MSVC\14.50.35717\include\__msvc_ostream.hpp(412,39):
      o       'std::basic_ostream<char,std::char_traits<char>> &std::basic_ostream<char,std::char_traits<char>>::operator <<(double)'
          C:\Users\Jose\OneDrive - Estudiantes ITCR\TEC\Estructuras de Datos\Proyecto_0\LinkedList.h(128,5):
          'std::basic_ostream<char,std::char_traits<char>> &std::basic_ostream<char,std::char_traits<char>>::operator <<(double)': el argumento 2 no puede convertirse de 'E' a 'double'
          with
          [
              E=Usuario
          ]
              C:\Users\Jose\OneDrive - Estudiantes ITCR\TEC\Estructuras de Datos\Proyecto_0\LinkedList.h(128,17):
              No hay disponible ningún operador de conversión definido por el usuario que pueda realizar esta conversión, o bien no se puede llamar al operador
      C:\Program Files\Microsoft Visual Studio\18\Community\VC\Tools\MSVC\14.50.35717\include\__msvc_ostream.hpp(394,39):
      o       'std::basic_ostream<char,std::char_traits<char>> &std::basic_ostream<char,std::char_traits<char>>::operator <<(float)'
          C:\Users\Jose\OneDrive - Estudiantes ITCR\TEC\Estructuras de Datos\Proyecto_0\LinkedList.h(128,5):
          'std::basic_ostream<char,std::char_traits<char>> &std::basic_ostream<char,std::char_traits<char>>::operator <<(float)': el argumento 2 no puede convertirse de 'E' a 'float'
          with
          [
              E=Usuario
          ]
              C:\Users\Jose\OneDrive - Estudiantes ITCR\TEC\Estructuras de Datos\Proyecto_0\LinkedList.h(128,17):
              No hay disponible ningún operador de conversión definido por el usuario que pueda realizar esta conversión, o bien no se puede llamar al operador
      C:\Program Files\Microsoft Visual Studio\18\Community\VC\Tools\MSVC\14.50.35717\include\__msvc_ostream.hpp(376,39):
      o       'std::basic_ostream<char,std::char_traits<char>> &std::basic_ostream<char,std::char_traits<char>>::operator <<(unsigned __int64)'
          C:\Users\Jose\OneDrive - Estudiantes ITCR\TEC\Estructuras de Datos\Proyecto_0\LinkedList.h(128,5):
          'std::basic_ostream<char,std::char_traits<char>> &std::basic_ostream<char,std::char_traits<char>>::operator <<(unsigned __int64)': el argumento 2 no puede convertirse de 'E' a 'unsigned __int64'
          with
          [
              E=Usuario
          ]
              C:\Users\Jose\OneDrive - Estudiantes ITCR\TEC\Estructuras de Datos\Proyecto_0\LinkedList.h(128,17):
              No hay disponible ningún operador de conversión definido por el usuario que pueda realizar esta conversión, o bien no se puede llamar al operador
      C:\Program Files\Microsoft Visual Studio\18\Community\VC\Tools\MSVC\14.50.35717\include\__msvc_ostream.hpp(358,39):
      o       'std::basic_ostream<char,std::char_traits<char>> &std::basic_ostream<char,std::char_traits<char>>::operator <<(__int64)'
          C:\Users\Jose\OneDrive - Estudiantes ITCR\TEC\Estructuras de Datos\Proyecto_0\LinkedList.h(128,5):
          'std::basic_ostream<char,std::char_traits<char>> &std::basic_ostream<char,std::char_traits<char>>::operator <<(__int64)': el argumento 2 no puede convertirse de 'E' a '__int64'
          with
          [
              E=Usuario
          ]
              C:\Users\Jose\OneDrive - Estudiantes ITCR\TEC\Estructuras de Datos\Proyecto_0\LinkedList.h(128,17):
              No hay disponible ningún operador de conversión definido por el usuario que pueda realizar esta conversión, o bien no se puede llamar al operador
      C:\Program Files\Microsoft Visual Studio\18\Community\VC\Tools\MSVC\14.50.35717\include\__msvc_ostream.hpp(340,39):
      o       'std::basic_ostream<char,std::char_traits<char>> &std::basic_ostream<char,std::char_traits<char>>::operator <<(unsigned long)'
          C:\Users\Jose\OneDrive - Estudiantes ITCR\TEC\Estructuras de Datos\Proyecto_0\LinkedList.h(128,5):
          'std::basic_ostream<char,std::char_traits<char>> &std::basic_ostream<char,std::char_traits<char>>::operator <<(unsigned long)': el argumento 2 no puede convertirse de 'E' a 'unsigned long'
          with
          [
              E=Usuario
          ]
              C:\Users\Jose\OneDrive - Estudiantes ITCR\TEC\Estructuras de Datos\Proyecto_0\LinkedList.h(128,17):
              No hay disponible ningún operador de conversión definido por el usuario que pueda realizar esta conversión, o bien no se puede llamar al operador
      C:\Program Files\Microsoft Visual Studio\18\Community\VC\Tools\MSVC\14.50.35717\include\__msvc_ostream.hpp(322,39):
      o       'std::basic_ostream<char,std::char_traits<char>> &std::basic_ostream<char,std::char_traits<char>>::operator <<(long)'
          C:\Users\Jose\OneDrive - Estudiantes ITCR\TEC\Estructuras de Datos\Proyecto_0\LinkedList.h(128,5):
          'std::basic_ostream<char,std::char_traits<char>> &std::basic_ostream<char,std::char_traits<char>>::operator <<(long)': el argumento 2 no puede convertirse de 'E' a 'long'
          with
          [
              E=Usuario
          ]
              C:\Users\Jose\OneDrive - Estudiantes ITCR\TEC\Estructuras de Datos\Proyecto_0\LinkedList.h(128,17):
              No hay disponible ningún operador de conversión definido por el usuario que pueda realizar esta conversión, o bien no se puede llamar al operador
      C:\Program Files\Microsoft Visual Studio\18\Community\VC\Tools\MSVC\14.50.35717\include\__msvc_ostream.hpp(303,39):
      o       'std::basic_ostream<char,std::char_traits<char>> &std::basic_ostream<char,std::char_traits<char>>::operator <<(unsigned int)'
          C:\Users\Jose\OneDrive - Estudiantes ITCR\TEC\Estructuras de Datos\Proyecto_0\LinkedList.h(128,5):
          'std::basic_ostream<char,std::char_traits<char>> &std::basic_ostream<char,std::char_traits<char>>::operator <<(unsigned int)': el argumento 2 no puede convertirse de 'E' a 'unsigned int'
          with
          [
              E=Usuario
          ]
              C:\Users\Jose\OneDrive - Estudiantes ITCR\TEC\Estructuras de Datos\Proyecto_0\LinkedList.h(128,17):
              No hay disponible ningún operador de conversión definido por el usuario que pueda realizar esta conversión, o bien no se puede llamar al operador
      C:\Program Files\Microsoft Visual Studio\18\Community\VC\Tools\MSVC\14.50.35717\include\__msvc_ostream.hpp(277,39):
      o       'std::basic_ostream<char,std::char_traits<char>> &std::basic_ostream<char,std::char_traits<char>>::operator <<(int)'
          C:\Users\Jose\OneDrive - Estudiantes ITCR\TEC\Estructuras de Datos\Proyecto_0\LinkedList.h(128,5):
          'std::basic_ostream<char,std::char_traits<char>> &std::basic_ostream<char,std::char_traits<char>>::operator <<(int)': el argumento 2 no puede convertirse de 'E' a 'int'
          with
          [
              E=Usuario
          ]
              C:\Users\Jose\OneDrive - Estudiantes ITCR\TEC\Estructuras de Datos\Proyecto_0\LinkedList.h(128,17):
              No hay disponible ningún operador de conversión definido por el usuario que pueda realizar esta conversión, o bien no se puede llamar al operador
      C:\Program Files\Microsoft Visual Studio\18\Community\VC\Tools\MSVC\14.50.35717\include\__msvc_ostream.hpp(258,39):
      o       'std::basic_ostream<char,std::char_traits<char>> &std::basic_ostream<char,std::char_traits<char>>::operator <<(unsigned short)'
          C:\Users\Jose\OneDrive - Estudiantes ITCR\TEC\Estructuras de Datos\Proyecto_0\LinkedList.h(128,5):
          'std::basic_ostream<char,std::char_traits<char>> &std::basic_ostream<char,std::char_traits<char>>::operator <<(unsigned short)': el argumento 2 no puede convertirse de 'E' a 'unsigned short'
          with
          [
              E=Usuario
          ]
              C:\Users\Jose\OneDrive - Estudiantes ITCR\TEC\Estructuras de Datos\Proyecto_0\LinkedList.h(128,17):
              No hay disponible ningún operador de conversión definido por el usuario que pueda realizar esta conversión, o bien no se puede llamar al operador
      C:\Program Files\Microsoft Visual Studio\18\Community\VC\Tools\MSVC\14.50.35717\include\__msvc_ostream.hpp(224,39):
      o       'std::basic_ostream<char,std::char_traits<char>> &std::basic_ostream<char,std::char_traits<char>>::operator <<(short)'
          C:\Users\Jose\OneDrive - Estudiantes ITCR\TEC\Estructuras de Datos\Proyecto_0\LinkedList.h(128,5):
          'std::basic_ostream<char,std::char_traits<char>> &std::basic_ostream<char,std::char_traits<char>>::operator <<(short)': el argumento 2 no puede convertirse de 'E' a 'short'
          with
          [
              E=Usuario
          ]
              C:\Users\Jose\OneDrive - Estudiantes ITCR\TEC\Estructuras de Datos\Proyecto_0\LinkedList.h(128,17):
              No hay disponible ningún operador de conversión definido por el usuario que pueda realizar esta conversión, o bien no se puede llamar al operador
      C:\Program Files\Microsoft Visual Studio\18\Community\VC\Tools\MSVC\14.50.35717\include\__msvc_ostream.hpp(206,39):
      o       'std::basic_ostream<char,std::char_traits<char>> &std::basic_ostream<char,std::char_traits<char>>::operator <<(bool)'
          C:\Users\Jose\OneDrive - Estudiantes ITCR\TEC\Estructuras de Datos\Proyecto_0\LinkedList.h(128,5):
          'std::basic_ostream<char,std::char_traits<char>> &std::basic_ostream<char,std::char_traits<char>>::operator <<(bool)': el argumento 2 no puede convertirse de 'E' a 'bool'
          with
          [
              E=Usuario
          ]
              C:\Users\Jose\OneDrive - Estudiantes ITCR\TEC\Estructuras de Datos\Proyecto_0\LinkedList.h(128,17):
              No hay disponible ningún operador de conversión definido por el usuario que pueda realizar esta conversión, o bien no se puede llamar al operador
      C:\Program Files\Microsoft Visual Studio\18\Community\VC\Tools\MSVC\14.50.35717\include\__msvc_ostream.hpp(200,39):
      o       'std::basic_ostream<char,std::char_traits<char>> &std::basic_ostream<char,std::char_traits<char>>::operator <<(std::ios_base &(__cdecl *)(std::ios_base &))'
          C:\Users\Jose\OneDrive - Estudiantes ITCR\TEC\Estructuras de Datos\Proyecto_0\LinkedList.h(128,5):
          'std::basic_ostream<char,std::char_traits<char>> &std::basic_ostream<char,std::char_traits<char>>::operator <<(std::ios_base &(__cdecl *)(std::ios_base &))': el argumento 2 no puede convertirse de 'E' a 'std::ios_base &(__cdecl *)(std::ios_base &)'
          with
          [
              E=Usuario
          ]
              C:\Users\Jose\OneDrive - Estudiantes ITCR\TEC\Estructuras de Datos\Proyecto_0\LinkedList.h(128,17):
              No hay disponible ningún operador de conversión definido por el usuario que pueda realizar esta conversión, o bien no se puede llamar al operador
      C:\Program Files\Microsoft Visual Studio\18\Community\VC\Tools\MSVC\14.50.35717\include\__msvc_ostream.hpp(194,39):
      o       'std::basic_ostream<char,std::char_traits<char>> &std::basic_ostream<char,std::char_traits<char>>::operator <<(std::basic_ios<char,std::char_traits<char>> &(__cdecl *)(std::basic_ios<char,std::char_traits<char>> &))'
          C:\Users\Jose\OneDrive - Estudiantes ITCR\TEC\Estructuras de Datos\Proyecto_0\LinkedList.h(128,5):
          'std::basic_ostream<char,std::char_traits<char>> &std::basic_ostream<char,std::char_traits<char>>::operator <<(std::basic_ios<char,std::char_traits<char>> &(__cdecl *)(std::basic_ios<char,std::char_traits<char>> &))': el argumento 2 no puede convertirse de 'E' a 'std::basic_ios<char,std::char_traits<char>> &(__cdecl *)(std::basic_ios<char,std::char_traits<char>> &)'
          with
          [
              E=Usuario
          ]
              C:\Users\Jose\OneDrive - Estudiantes ITCR\TEC\Estructuras de Datos\Proyecto_0\LinkedList.h(128,17):
              No hay disponible ningún operador de conversión definido por el usuario que pueda realizar esta conversión, o bien no se puede llamar al operador
      C:\Program Files\Microsoft Visual Studio\18\Community\VC\Tools\MSVC\14.50.35717\include\__msvc_ostream.hpp(189,39):
      o       'std::basic_ostream<char,std::char_traits<char>> &std::basic_ostream<char,std::char_traits<char>>::operator <<(std::basic_ostream<char,std::char_traits<char>> &(__cdecl *)(std::basic_ostream<char,std::char_traits<char>> &))'
          C:\Users\Jose\OneDrive - Estudiantes ITCR\TEC\Estructuras de Datos\Proyecto_0\LinkedList.h(128,5):
          'std::basic_ostream<char,std::char_traits<char>> &std::basic_ostream<char,std::char_traits<char>>::operator <<(std::basic_ostream<char,std::char_traits<char>> &(__cdecl *)(std::basic_ostream<char,std::char_traits<char>> &))': el argumento 2 no puede convertirse de 'E' a 'std::basic_ostream<char,std::char_traits<char>> &(__cdecl *)(std::basic_ostream<char,std::char_traits<char>> &)'
          with
          [
              E=Usuario
          ]
              C:\Users\Jose\OneDrive - Estudiantes ITCR\TEC\Estructuras de Datos\Proyecto_0\LinkedList.h(128,17):
              No hay disponible ningún operador de conversión definido por el usuario que pueda realizar esta conversión, o bien no se puede llamar al operador
      C:\Program Files\Microsoft Visual Studio\18\Community\VC\Tools\MSVC\14.50.35717\include\__msvc_ostream.hpp(475,20):
      o       'std::basic_ostream<char,std::char_traits<char>> &std::basic_ostream<char,std::char_traits<char>>::operator <<(std::nullptr_t)'
          C:\Users\Jose\OneDrive - Estudiantes ITCR\TEC\Estructuras de Datos\Proyecto_0\LinkedList.h(128,17):
          'inicializando': no se puede realizar la conversión de 'E' a 'std::nullptr_t'
          with
          [
              E=Usuario
          ]
              C:\Users\Jose\OneDrive - Estudiantes ITCR\TEC\Estructuras de Datos\Proyecto_0\LinkedList.h(128,17):
              No hay disponible ningún operador de conversión definido por el usuario que pueda realizar esta conversión, o bien no se puede llamar al operador
      C:\Program Files\Microsoft Visual Studio\18\Community\VC\Tools\MSVC\14.50.35717\include\cstddef(37,27):
      o       'std::byte std::operator <<(const std::byte,const _IntType) noexcept'
          C:\Users\Jose\OneDrive - Estudiantes ITCR\TEC\Estructuras de Datos\Proyecto_0\LinkedList.h(128,5):
          "std::byte std::operator <<(const std::byte,const _IntType) noexcept": no se pudo deducir el argumento plantilla para "__formal"
              C:\Program Files\Microsoft Visual Studio\18\Community\VC\Tools\MSVC\14.50.35717\include\cstddef(36,39):
              'std::enable_if_t<false,int>': no se pudo especializar la plantilla de alias
      C:\Program Files\Microsoft Visual Studio\18\Community\VC\Tools\MSVC\14.50.35717\include\__msvc_string_view.hpp(2097,32):
      o       'std::basic_ostream<_Elem,_Traits> &std::operator <<(std::basic_ostream<_Elem,_Traits> &,const std::basic_string_view<_Elem,_Traits>)'
          C:\Users\Jose\OneDrive - Estudiantes ITCR\TEC\Estructuras de Datos\Proyecto_0\LinkedList.h(128,5):
          "std::basic_ostream<_Elem,_Traits> &std::operator <<(std::basic_ostream<_Elem,_Traits> &,const std::basic_string_view<_Elem,_Traits>)": no se pudo deducir el argumento plantilla para "const std::basic_string_view<_Elem,_Traits>" de "E"
          with
          [
              E=Usuario
          ]
      C:\Program Files\Microsoft Visual Studio\18\Community\VC\Tools\MSVC\14.50.35717\include\xstring(3532,32):
      o       'std::basic_ostream<_Elem,_Traits> &std::operator <<(std::basic_ostream<_Elem,_Traits> &,const std::basic_string<_Elem,_Traits,_Alloc> &)'
          C:\Users\Jose\OneDrive - Estudiantes ITCR\TEC\Estructuras de Datos\Proyecto_0\LinkedList.h(128,5):
          "std::basic_ostream<_Elem,_Traits> &std::operator <<(std::basic_ostream<_Elem,_Traits> &,const std::basic_string<_Elem,_Traits,_Alloc> &)": no se pudo deducir el argumento plantilla para "const std::basic_string<_Elem,_Traits,_Alloc> &" de "E"
          with
          [
              E=Usuario
          ]
      C:\Program Files\Microsoft Visual Studio\18\Community\VC\Tools\MSVC\14.50.35717\include\memory(2015,32):
      o       'std::basic_ostream<_Elem,_Traits> &std::operator <<(std::basic_ostream<_Elem,_Traits> &,const std::shared_ptr<_Ty> &)'
          C:\Users\Jose\OneDrive - Estudiantes ITCR\TEC\Estructuras de Datos\Proyecto_0\LinkedList.h(128,5):
          "std::basic_ostream<_Elem,_Traits> &std::operator <<(std::basic_ostream<_Elem,_Traits> &,const std::shared_ptr<_Ty> &)": no se pudo deducir el argumento plantilla para "const std::shared_ptr<_Ty> &" de "E"
          with
          [
              E=Usuario
          ]
      C:\Program Files\Microsoft Visual Studio\18\Community\VC\Tools\MSVC\14.50.35717\include\memory(3821,32):
      o       'std::basic_ostream<_Elem,_Traits> &std::operator <<(std::basic_ostream<_Elem,_Traits> &,const std::unique_ptr<_Ty2,_Dx2> &)'
          C:\Users\Jose\OneDrive - Estudiantes ITCR\TEC\Estructuras de Datos\Proyecto_0\LinkedList.h(128,5):
          "std::basic_ostream<_Elem,_Traits> &std::operator <<(std::basic_ostream<_Elem,_Traits> &,const std::unique_ptr<_Ty2,_Dx2> &)": no se pudo deducir el argumento plantilla para "const std::unique_ptr<_Ty2,_Dx2> &" de "E"
          with
          [
              E=Usuario
          ]
      C:\Program Files\Microsoft Visual Studio\18\Community\VC\Tools\MSVC\14.50.35717\include\__msvc_ostream.hpp(688,32):
      o       'std::basic_ostream<_Elem,_Traits> &std::operator <<(std::basic_ostream<_Elem,_Traits> &,const char *)'
          C:\Users\Jose\OneDrive - Estudiantes ITCR\TEC\Estructuras de Datos\Proyecto_0\LinkedList.h(128,17):
          'inicializando': no se puede realizar la conversión de 'E' a 'const char *'
          with
          [
              E=Usuario
          ]
              C:\Users\Jose\OneDrive - Estudiantes ITCR\TEC\Estructuras de Datos\Proyecto_0\LinkedList.h(128,17):
              No hay disponible ningún operador de conversión definido por el usuario que pueda realizar esta conversión, o bien no se puede llamar al operador
      C:\Program Files\Microsoft Visual Studio\18\Community\VC\Tools\MSVC\14.50.35717\include\__msvc_ostream.hpp(732,32):
      o       'std::basic_ostream<_Elem,_Traits> &std::operator <<(std::basic_ostream<_Elem,_Traits> &,char)'
          C:\Users\Jose\OneDrive - Estudiantes ITCR\TEC\Estructuras de Datos\Proyecto_0\LinkedList.h(128,17):
          'inicializando': no se puede realizar la conversión de 'E' a 'char'
          with
          [
              E=Usuario
          ]
              C:\Users\Jose\OneDrive - Estudiantes ITCR\TEC\Estructuras de Datos\Proyecto_0\LinkedList.h(128,17):
              No hay disponible ningún operador de conversión definido por el usuario que pueda realizar esta conversión, o bien no se puede llamar al operador
      C:\Program Files\Microsoft Visual Studio\18\Community\VC\Tools\MSVC\14.50.35717\include\__msvc_ostream.hpp(768,31):
      o       'std::basic_ostream<char,_Traits> &std::operator <<(std::basic_ostream<char,_Traits> &,const char *)'
          C:\Users\Jose\OneDrive - Estudiantes ITCR\TEC\Estructuras de Datos\Proyecto_0\LinkedList.h(128,17):
          'inicializando': no se puede realizar la conversión de 'E' a 'const char *'
          with
          [
              E=Usuario
          ]
              C:\Users\Jose\OneDrive - Estudiantes ITCR\TEC\Estructuras de Datos\Proyecto_0\LinkedList.h(128,17):
              No hay disponible ningún operador de conversión definido por el usuario que pueda realizar esta conversión, o bien no se puede llamar al operador
      C:\Program Files\Microsoft Visual Studio\18\Community\VC\Tools\MSVC\14.50.35717\include\__msvc_ostream.hpp(813,31):
      o       'std::basic_ostream<char,_Traits> &std::operator <<(std::basic_ostream<char,_Traits> &,char)'
          C:\Users\Jose\OneDrive - Estudiantes ITCR\TEC\Estructuras de Datos\Proyecto_0\LinkedList.h(128,17):
          'inicializando': no se puede realizar la conversión de 'E' a 'char'
          with
          [
              E=Usuario
          ]
              C:\Users\Jose\OneDrive - Estudiantes ITCR\TEC\Estructuras de Datos\Proyecto_0\LinkedList.h(128,17):
              No hay disponible ningún operador de conversión definido por el usuario que pueda realizar esta conversión, o bien no se puede llamar al operador
      C:\Program Files\Microsoft Visual Studio\18\Community\VC\Tools\MSVC\14.50.35717\include\__msvc_ostream.hpp(851,32):
      o       'std::basic_ostream<_Elem,_Traits> &std::operator <<(std::basic_ostream<_Elem,_Traits> &,const _Elem *)'
          C:\Users\Jose\OneDrive - Estudiantes ITCR\TEC\Estructuras de Datos\Proyecto_0\LinkedList.h(128,5):
          "std::basic_ostream<_Elem,_Traits> &std::operator <<(std::basic_ostream<_Elem,_Traits> &,const _Elem *)": no se pudo deducir el argumento plantilla para "const _Elem *" de "E"
          with
          [
              E=Usuario
          ]
      C:\Program Files\Microsoft Visual Studio\18\Community\VC\Tools\MSVC\14.50.35717\include\__msvc_ostream.hpp(894,32):
      o       'std::basic_ostream<_Elem,_Traits> &std::operator <<(std::basic_ostream<_Elem,_Traits> &,_Elem)'
          C:\Users\Jose\OneDrive - Estudiantes ITCR\TEC\Estructuras de Datos\Proyecto_0\LinkedList.h(128,5):
          "std::basic_ostream<_Elem,_Traits> &std::operator <<(std::basic_ostream<_Elem,_Traits> &,_Elem)": el parámetro de plantilla "_Elem" es ambiguo
              C:\Users\Jose\OneDrive - Estudiantes ITCR\TEC\Estructuras de Datos\Proyecto_0\LinkedList.h(128,5):
              puede ser 'E'
          with
          [
              E=Usuario
          ]
              C:\Users\Jose\OneDrive - Estudiantes ITCR\TEC\Estructuras de Datos\Proyecto_0\LinkedList.h(128,5):
              o       'char'
          C:\Users\Jose\OneDrive - Estudiantes ITCR\TEC\Estructuras de Datos\Proyecto_0\LinkedList.h(128,5):
          "std::basic_ostream<_Elem,_Traits> &std::operator <<(std::basic_ostream<_Elem,_Traits> &,_Elem)": no se pudo deducir el argumento plantilla para "_Elem" de "E"
          with
          [
              E=Usuario
          ]
      C:\Program Files\Microsoft Visual Studio\18\Community\VC\Tools\MSVC\14.50.35717\include\__msvc_ostream.hpp(930,31):
      o       'std::basic_ostream<char,_Traits> &std::operator <<(std::basic_ostream<char,_Traits> &,const signed char *)'
          C:\Users\Jose\OneDrive - Estudiantes ITCR\TEC\Estructuras de Datos\Proyecto_0\LinkedList.h(128,17):
          'inicializando': no se puede realizar la conversión de 'E' a 'const signed char *'
          with
          [
              E=Usuario
          ]
              C:\Users\Jose\OneDrive - Estudiantes ITCR\TEC\Estructuras de Datos\Proyecto_0\LinkedList.h(128,17):
              No hay disponible ningún operador de conversión definido por el usuario que pueda realizar esta conversión, o bien no se puede llamar al operador
      C:\Program Files\Microsoft Visual Studio\18\Community\VC\Tools\MSVC\14.50.35717\include\__msvc_ostream.hpp(936,31):
      o       'std::basic_ostream<char,_Traits> &std::operator <<(std::basic_ostream<char,_Traits> &,signed char)'
          C:\Users\Jose\OneDrive - Estudiantes ITCR\TEC\Estructuras de Datos\Proyecto_0\LinkedList.h(128,17):
          'inicializando': no se puede realizar la conversión de 'E' a 'signed char'
          with
          [
              E=Usuario
          ]
              C:\Users\Jose\OneDrive - Estudiantes ITCR\TEC\Estructuras de Datos\Proyecto_0\LinkedList.h(128,17):
              No hay disponible ningún operador de conversión definido por el usuario que pueda realizar esta conversión, o bien no se puede llamar al operador
      C:\Program Files\Microsoft Visual Studio\18\Community\VC\Tools\MSVC\14.50.35717\include\__msvc_ostream.hpp(941,31):
      o       'std::basic_ostream<char,_Traits> &std::operator <<(std::basic_ostream<char,_Traits> &,const unsigned char *)'
          C:\Users\Jose\OneDrive - Estudiantes ITCR\TEC\Estructuras de Datos\Proyecto_0\LinkedList.h(128,17):
          'inicializando': no se puede realizar la conversión de 'E' a 'const unsigned char *'
          with
          [
              E=Usuario
          ]
              C:\Users\Jose\OneDrive - Estudiantes ITCR\TEC\Estructuras de Datos\Proyecto_0\LinkedList.h(128,17):
              No hay disponible ningún operador de conversión definido por el usuario que pueda realizar esta conversión, o bien no se puede llamar al operador
      C:\Program Files\Microsoft Visual Studio\18\Community\VC\Tools\MSVC\14.50.35717\include\__msvc_ostream.hpp(947,31):
      o       'std::basic_ostream<char,_Traits> &std::operator <<(std::basic_ostream<char,_Traits> &,unsigned char)'
          C:\Users\Jose\OneDrive - Estudiantes ITCR\TEC\Estructuras de Datos\Proyecto_0\LinkedList.h(128,17):
          'inicializando': no se puede realizar la conversión de 'E' a 'unsigned char'
          with
          [
              E=Usuario
          ]
              C:\Users\Jose\OneDrive - Estudiantes ITCR\TEC\Estructuras de Datos\Proyecto_0\LinkedList.h(128,17):
              No hay disponible ningún operador de conversión definido por el usuario que pueda realizar esta conversión, o bien no se puede llamar al operador
      C:\Program Files\Microsoft Visual Studio\18\Community\VC\Tools\MSVC\14.50.35717\include\__msvc_ostream.hpp(955,31):
      o       'std::basic_ostream<char,_Traits> &std::operator <<(std::basic_ostream<char,_Traits> &,const char8_t *)'
          C:\Users\Jose\OneDrive - Estudiantes ITCR\TEC\Estructuras de Datos\Proyecto_0\LinkedList.h(128,17):
          'inicializando': no se puede realizar la conversión de 'E' a 'const char8_t *'
          with
          [
              E=Usuario
          ]
              C:\Users\Jose\OneDrive - Estudiantes ITCR\TEC\Estructuras de Datos\Proyecto_0\LinkedList.h(128,17):
              No hay disponible ningún operador de conversión definido por el usuario que pueda realizar esta conversión, o bien no se puede llamar al operador
      C:\Program Files\Microsoft Visual Studio\18\Community\VC\Tools\MSVC\14.50.35717\include\__msvc_ostream.hpp(957,34):
      o       'std::basic_ostream<wchar_t,_Traits> &std::operator <<(std::basic_ostream<wchar_t,_Traits> &,const char8_t *)'
          C:\Users\Jose\OneDrive - Estudiantes ITCR\TEC\Estructuras de Datos\Proyecto_0\LinkedList.h(128,5):
          "std::basic_ostream<wchar_t,_Traits> &std::operator <<(std::basic_ostream<wchar_t,_Traits> &,const char8_t *)": no se pudo deducir el argumento plantilla para "std::basic_ostream<wchar_t,_Traits> &" de "std::ostream"
      C:\Program Files\Microsoft Visual Studio\18\Community\VC\Tools\MSVC\14.50.35717\include\__msvc_ostream.hpp(961,31):
      o       'std::basic_ostream<char,_Traits> &std::operator <<(std::basic_ostream<char,_Traits> &,char8_t)'
          C:\Users\Jose\OneDrive - Estudiantes ITCR\TEC\Estructuras de Datos\Proyecto_0\LinkedList.h(128,17):
          'inicializando': no se puede realizar la conversión de 'E' a 'char8_t'
          with
          [
              E=Usuario
          ]
              C:\Users\Jose\OneDrive - Estudiantes ITCR\TEC\Estructuras de Datos\Proyecto_0\LinkedList.h(128,17):
              No hay disponible ningún operador de conversión definido por el usuario que pueda realizar esta conversión, o bien no se puede llamar al operador
      C:\Program Files\Microsoft Visual Studio\18\Community\VC\Tools\MSVC\14.50.35717\include\__msvc_ostream.hpp(963,34):
      o       'std::basic_ostream<wchar_t,_Traits> &std::operator <<(std::basic_ostream<wchar_t,_Traits> &,char8_t)'
          C:\Users\Jose\OneDrive - Estudiantes ITCR\TEC\Estructuras de Datos\Proyecto_0\LinkedList.h(128,5):
          "std::basic_ostream<wchar_t,_Traits> &std::operator <<(std::basic_ostream<wchar_t,_Traits> &,char8_t)": no se pudo deducir el argumento plantilla para "std::basic_ostream<wchar_t,_Traits> &" de "std::ostream"
      C:\Program Files\Microsoft Visual Studio\18\Community\VC\Tools\MSVC\14.50.35717\include\__msvc_ostream.hpp(969,31):
      o       'std::basic_ostream<char,_Traits> &std::operator <<(std::basic_ostream<char,_Traits> &,wchar_t)'
          C:\Users\Jose\OneDrive - Estudiantes ITCR\TEC\Estructuras de Datos\Proyecto_0\LinkedList.h(128,17):
          'inicializando': no se puede realizar la conversión de 'E' a 'wchar_t'
          with
          [
              E=Usuario
          ]
              C:\Users\Jose\OneDrive - Estudiantes ITCR\TEC\Estructuras de Datos\Proyecto_0\LinkedList.h(128,17):
              No hay disponible ningún operador de conversión definido por el usuario que pueda realizar esta conversión, o bien no se puede llamar al operador
      C:\Program Files\Microsoft Visual Studio\18\Community\VC\Tools\MSVC\14.50.35717\include\__msvc_ostream.hpp(972,31):
      o       'std::basic_ostream<char,_Traits> &std::operator <<(std::basic_ostream<char,_Traits> &,const wchar_t *)'
          C:\Users\Jose\OneDrive - Estudiantes ITCR\TEC\Estructuras de Datos\Proyecto_0\LinkedList.h(128,17):
          'inicializando': no se puede realizar la conversión de 'E' a 'const wchar_t *'
          with
          [
              E=Usuario
          ]
              C:\Users\Jose\OneDrive - Estudiantes ITCR\TEC\Estructuras de Datos\Proyecto_0\LinkedList.h(128,17):
              No hay disponible ningún operador de conversión definido por el usuario que pueda realizar esta conversión, o bien no se puede llamar al operador
      C:\Program Files\Microsoft Visual Studio\18\Community\VC\Tools\MSVC\14.50.35717\include\__msvc_ostream.hpp(976,31):
      o       'std::basic_ostream<char,_Traits> &std::operator <<(std::basic_ostream<char,_Traits> &,char16_t)'
          C:\Users\Jose\OneDrive - Estudiantes ITCR\TEC\Estructuras de Datos\Proyecto_0\LinkedList.h(128,17):
          'inicializando': no se puede realizar la conversión de 'E' a 'char16_t'
          with
          [
              E=Usuario
          ]
              C:\Users\Jose\OneDrive - Estudiantes ITCR\TEC\Estructuras de Datos\Proyecto_0\LinkedList.h(128,17):
              No hay disponible ningún operador de conversión definido por el usuario que pueda realizar esta conversión, o bien no se puede llamar al operador
      C:\Program Files\Microsoft Visual Studio\18\Community\VC\Tools\MSVC\14.50.35717\include\__msvc_ostream.hpp(978,31):
      o       'std::basic_ostream<char,_Traits> &std::operator <<(std::basic_ostream<char,_Traits> &,char32_t)'
          C:\Users\Jose\OneDrive - Estudiantes ITCR\TEC\Estructuras de Datos\Proyecto_0\LinkedList.h(128,17):
          'inicializando': no se puede realizar la conversión de 'E' a 'char32_t'
          with
          [
              E=Usuario
          ]
              C:\Users\Jose\OneDrive - Estudiantes ITCR\TEC\Estructuras de Datos\Proyecto_0\LinkedList.h(128,17):
              No hay disponible ningún operador de conversión definido por el usuario que pueda realizar esta conversión, o bien no se puede llamar al operador
      C:\Program Files\Microsoft Visual Studio\18\Community\VC\Tools\MSVC\14.50.35717\include\__msvc_ostream.hpp(981,34):
      o       'std::basic_ostream<wchar_t,_Traits> &std::operator <<(std::basic_ostream<wchar_t,_Traits> &,char16_t)'
          C:\Users\Jose\OneDrive - Estudiantes ITCR\TEC\Estructuras de Datos\Proyecto_0\LinkedList.h(128,5):
          "std::basic_ostream<wchar_t,_Traits> &std::operator <<(std::basic_ostream<wchar_t,_Traits> &,char16_t)": no se pudo deducir el argumento plantilla para "std::basic_ostream<wchar_t,_Traits> &" de "std::ostream"
      C:\Program Files\Microsoft Visual Studio\18\Community\VC\Tools\MSVC\14.50.35717\include\__msvc_ostream.hpp(983,34):
      o       'std::basic_ostream<wchar_t,_Traits> &std::operator <<(std::basic_ostream<wchar_t,_Traits> &,char32_t)'
          C:\Users\Jose\OneDrive - Estudiantes ITCR\TEC\Estructuras de Datos\Proyecto_0\LinkedList.h(128,5):
          "std::basic_ostream<wchar_t,_Traits> &std::operator <<(std::basic_ostream<wchar_t,_Traits> &,char32_t)": no se pudo deducir el argumento plantilla para "std::basic_ostream<wchar_t,_Traits> &" de "std::ostream"
      C:\Program Files\Microsoft Visual Studio\18\Community\VC\Tools\MSVC\14.50.35717\include\__msvc_ostream.hpp(986,31):
      o       'std::basic_ostream<char,_Traits> &std::operator <<(std::basic_ostream<char,_Traits> &,const char16_t *)'
          C:\Users\Jose\OneDrive - Estudiantes ITCR\TEC\Estructuras de Datos\Proyecto_0\LinkedList.h(128,17):
          'inicializando': no se puede realizar la conversión de 'E' a 'const char16_t *'
          with
          [
              E=Usuario
          ]
              C:\Users\Jose\OneDrive - Estudiantes ITCR\TEC\Estructuras de Datos\Proyecto_0\LinkedList.h(128,17):
              No hay disponible ningún operador de conversión definido por el usuario que pueda realizar esta conversión, o bien no se puede llamar al operador
      C:\Program Files\Microsoft Visual Studio\18\Community\VC\Tools\MSVC\14.50.35717\include\__msvc_ostream.hpp(988,31):
      o       'std::basic_ostream<char,_Traits> &std::operator <<(std::basic_ostream<char,_Traits> &,const char32_t *)'
          C:\Users\Jose\OneDrive - Estudiantes ITCR\TEC\Estructuras de Datos\Proyecto_0\LinkedList.h(128,17):
          'inicializando': no se puede realizar la conversión de 'E' a 'const char32_t *'
          with
          [
              E=Usuario
          ]
              C:\Users\Jose\OneDrive - Estudiantes ITCR\TEC\Estructuras de Datos\Proyecto_0\LinkedList.h(128,17):
              No hay disponible ningún operador de conversión definido por el usuario que pueda realizar esta conversión, o bien no se puede llamar al operador
      C:\Program Files\Microsoft Visual Studio\18\Community\VC\Tools\MSVC\14.50.35717\include\__msvc_ostream.hpp(991,34):
      o       'std::basic_ostream<wchar_t,_Traits> &std::operator <<(std::basic_ostream<wchar_t,_Traits> &,const char16_t *)'
          C:\Users\Jose\OneDrive - Estudiantes ITCR\TEC\Estructuras de Datos\Proyecto_0\LinkedList.h(128,5):
          "std::basic_ostream<wchar_t,_Traits> &std::operator <<(std::basic_ostream<wchar_t,_Traits> &,const char16_t *)": no se pudo deducir el argumento plantilla para "std::basic_ostream<wchar_t,_Traits> &" de "std::ostream"
      C:\Program Files\Microsoft Visual Studio\18\Community\VC\Tools\MSVC\14.50.35717\include\__msvc_ostream.hpp(993,34):
      o       'std::basic_ostream<wchar_t,_Traits> &std::operator <<(std::basic_ostream<wchar_t,_Traits> &,const char32_t *)'
          C:\Users\Jose\OneDrive - Estudiantes ITCR\TEC\Estructuras de Datos\Proyecto_0\LinkedList.h(128,5):
          "std::basic_ostream<wchar_t,_Traits> &std::operator <<(std::basic_ostream<wchar_t,_Traits> &,const char32_t *)": no se pudo deducir el argumento plantilla para "std::basic_ostream<wchar_t,_Traits> &" de "std::ostream"
      C:\Program Files\Microsoft Visual Studio\18\Community\VC\Tools\MSVC\14.50.35717\include\__msvc_ostream.hpp(1005,9):
      o       '_Ostr &&std::operator <<(_Ostr &&,const _Ty &)'
          C:\Users\Jose\OneDrive - Estudiantes ITCR\TEC\Estructuras de Datos\Proyecto_0\LinkedList.h(128,5):
          "_Ostr &&std::operator <<(_Ostr &&,const _Ty &)": no se pudo deducir el argumento plantilla para "__formal"
              C:\Program Files\Microsoft Visual Studio\18\Community\VC\Tools\MSVC\14.50.35717\include\__msvc_ostream.hpp(1004,103):
              '<template-parameter>': no se puede crear un puntero a una referencia
      C:\Program Files\Microsoft Visual Studio\18\Community\VC\Tools\MSVC\14.50.35717\include\__msvc_ostream.hpp(1031,32):
      o       'std::basic_ostream<_Elem,_Traits> &std::operator <<(std::basic_ostream<_Elem,_Traits> &,const std::error_code &)'
          C:\Users\Jose\OneDrive - Estudiantes ITCR\TEC\Estructuras de Datos\Proyecto_0\LinkedList.h(128,17):
          'inicializando': no se puede realizar la conversión de 'E' a 'const std::error_code &'
          with
          [
              E=Usuario
          ]
              C:\Users\Jose\OneDrive - Estudiantes ITCR\TEC\Estructuras de Datos\Proyecto_0\LinkedList.h(128,17):
              Razón: no se puede realizar la conversión de 'E' a 'const std::error_code'
          with
          [
              E=Usuario
          ]
              C:\Users\Jose\OneDrive - Estudiantes ITCR\TEC\Estructuras de Datos\Proyecto_0\LinkedList.h(128,17):
              No hay disponible ningún operador de conversión definido por el usuario que pueda realizar esta conversión, o bien no se puede llamar al operador
      C:\Users\Jose\OneDrive - Estudiantes ITCR\TEC\Estructuras de Datos\Proyecto_0\LinkedList.h(128,5):
      al hacer coincidir la lista de argumentos '(std::ostream, E)'
          with
          [
              E=Usuario
          ]
      C:\Users\Jose\OneDrive - Estudiantes ITCR\TEC\Estructuras de Datos\Proyecto_0\LinkedList.h(128,5):
      el contexto de creación de instancias de la plantilla (el más antiguo primero) es
          C:\Users\Jose\OneDrive - Estudiantes ITCR\TEC\Estructuras de Datos\Proyecto_0\Proyecto_0.cpp(79,44):
          Vea la referencia a la creación de una instancia de clase plantilla "LinkedList<Usuario>" que se está compilando
          C:\Users\Jose\OneDrive - Estudiantes ITCR\TEC\Estructuras de Datos\Proyecto_0\LinkedList.h(123,7):
          al compilar la función del miembro clase plantilla "void LinkedList<Usuario>::print(void)"
  
C:\Users\Jose\OneDrive - Estudiantes ITCR\TEC\Estructuras de Datos\Proyecto_0\LinkedList.h(130,5): error C2679: '<<' binario: no se encontró un operador que adopte un operando en la parte derecha de tipo 'E' (o bien no existe una conversión aceptable)
C:\Users\Jose\OneDrive - Estudiantes ITCR\TEC\Estructuras de Datos\Proyecto_0\LinkedList.h(130,5): error C2679:         with
C:\Users\Jose\OneDrive - Estudiantes ITCR\TEC\Estructuras de Datos\Proyecto_0\LinkedList.h(130,5): error C2679:         [
C:\Users\Jose\OneDrive - Estudiantes ITCR\TEC\Estructuras de Datos\Proyecto_0\LinkedList.h(130,5): error C2679:             E=Usuario
C:\Users\Jose\OneDrive - Estudiantes ITCR\TEC\Estructuras de Datos\Proyecto_0\LinkedList.h(130,5): error C2679:         ]
  (compilando archivo de origen "Proyecto_0.cpp")
      C:\Program Files\Microsoft Visual Studio\18\Community\VC\Tools\MSVC\14.50.35717\include\__msvc_ostream.hpp(480,39):
      puede ser 'std::basic_ostream<char,std::char_traits<char>> &std::basic_ostream<char,std::char_traits<char>>::operator <<(std::basic_streambuf<char,std::char_traits<char>> *)'
          C:\Users\Jose\OneDrive - Estudiantes ITCR\TEC\Estructuras de Datos\Proyecto_0\LinkedList.h(130,5):
          'std::basic_ostream<char,std::char_traits<char>> &std::basic_ostream<char,std::char_traits<char>>::operator <<(std::basic_streambuf<char,std::char_traits<char>> *)': el argumento 2 no puede convertirse de 'E' a 'std::basic_streambuf<char,std::char_traits<char>> *'
          with
          [
              E=Usuario
          ]
              C:\Users\Jose\OneDrive - Estudiantes ITCR\TEC\Estructuras de Datos\Proyecto_0\LinkedList.h(130,17):
              No hay disponible ningún operador de conversión definido por el usuario que pueda realizar esta conversión, o bien no se puede llamar al operador
      C:\Program Files\Microsoft Visual Studio\18\Community\VC\Tools\MSVC\14.50.35717\include\__msvc_ostream.hpp(448,39):
      o       'std::basic_ostream<char,std::char_traits<char>> &std::basic_ostream<char,std::char_traits<char>>::operator <<(const void *)'
          C:\Users\Jose\OneDrive - Estudiantes ITCR\TEC\Estructuras de Datos\Proyecto_0\LinkedList.h(130,5):
          'std::basic_ostream<char,std::char_traits<char>> &std::basic_ostream<char,std::char_traits<char>>::operator <<(const void *)': el argumento 2 no puede convertirse de 'E' a 'const void *'
          with
          [
              E=Usuario
          ]
              C:\Users\Jose\OneDrive - Estudiantes ITCR\TEC\Estructuras de Datos\Proyecto_0\LinkedList.h(130,17):
              No hay disponible ningún operador de conversión definido por el usuario que pueda realizar esta conversión, o bien no se puede llamar al operador
      C:\Program Files\Microsoft Visual Studio\18\Community\VC\Tools\MSVC\14.50.35717\include\__msvc_ostream.hpp(430,39):
      o       'std::basic_ostream<char,std::char_traits<char>> &std::basic_ostream<char,std::char_traits<char>>::operator <<(long double)'
          C:\Users\Jose\OneDrive - Estudiantes ITCR\TEC\Estructuras de Datos\Proyecto_0\LinkedList.h(130,5):
          'std::basic_ostream<char,std::char_traits<char>> &std::basic_ostream<char,std::char_traits<char>>::operator <<(long double)': el argumento 2 no puede convertirse de 'E' a 'long double'
          with
          [
              E=Usuario
          ]
              C:\Users\Jose\OneDrive - Estudiantes ITCR\TEC\Estructuras de Datos\Proyecto_0\LinkedList.h(130,17):
              No hay disponible ningún operador de conversión definido por el usuario que pueda realizar esta conversión, o bien no se puede llamar al operador
      C:\Program Files\Microsoft Visual Studio\18\Community\VC\Tools\MSVC\14.50.35717\include\__msvc_ostream.hpp(412,39):
      o       'std::basic_ostream<char,std::char_traits<char>> &std::basic_ostream<char,std::char_traits<char>>::operator <<(double)'
          C:\Users\Jose\OneDrive - Estudiantes ITCR\TEC\Estructuras de Datos\Proyecto_0\LinkedList.h(130,5):
          'std::basic_ostream<char,std::char_traits<char>> &std::basic_ostream<char,std::char_traits<char>>::operator <<(double)': el argumento 2 no puede convertirse de 'E' a 'double'
          with
          [
              E=Usuario
          ]
              C:\Users\Jose\OneDrive - Estudiantes ITCR\TEC\Estructuras de Datos\Proyecto_0\LinkedList.h(130,17):
              No hay disponible ningún operador de conversión definido por el usuario que pueda realizar esta conversión, o bien no se puede llamar al operador
      C:\Program Files\Microsoft Visual Studio\18\Community\VC\Tools\MSVC\14.50.35717\include\__msvc_ostream.hpp(394,39):
      o       'std::basic_ostream<char,std::char_traits<char>> &std::basic_ostream<char,std::char_traits<char>>::operator <<(float)'
          C:\Users\Jose\OneDrive - Estudiantes ITCR\TEC\Estructuras de Datos\Proyecto_0\LinkedList.h(130,5):
          'std::basic_ostream<char,std::char_traits<char>> &std::basic_ostream<char,std::char_traits<char>>::operator <<(float)': el argumento 2 no puede convertirse de 'E' a 'float'
          with
          [
              E=Usuario
          ]
              C:\Users\Jose\OneDrive - Estudiantes ITCR\TEC\Estructuras de Datos\Proyecto_0\LinkedList.h(130,17):
              No hay disponible ningún operador de conversión definido por el usuario que pueda realizar esta conversión, o bien no se puede llamar al operador
      C:\Program Files\Microsoft Visual Studio\18\Community\VC\Tools\MSVC\14.50.35717\include\__msvc_ostream.hpp(376,39):
      o       'std::basic_ostream<char,std::char_traits<char>> &std::basic_ostream<char,std::char_traits<char>>::operator <<(unsigned __int64)'
          C:\Users\Jose\OneDrive - Estudiantes ITCR\TEC\Estructuras de Datos\Proyecto_0\LinkedList.h(130,5):
          'std::basic_ostream<char,std::char_traits<char>> &std::basic_ostream<char,std::char_traits<char>>::operator <<(unsigned __int64)': el argumento 2 no puede convertirse de 'E' a 'unsigned __int64'
          with
          [
              E=Usuario
          ]
              C:\Users\Jose\OneDrive - Estudiantes ITCR\TEC\Estructuras de Datos\Proyecto_0\LinkedList.h(130,17):
              No hay disponible ningún operador de conversión definido por el usuario que pueda realizar esta conversión, o bien no se puede llamar al operador
      C:\Program Files\Microsoft Visual Studio\18\Community\VC\Tools\MSVC\14.50.35717\include\__msvc_ostream.hpp(358,39):
      o       'std::basic_ostream<char,std::char_traits<char>> &std::basic_ostream<char,std::char_traits<char>>::operator <<(__int64)'
          C:\Users\Jose\OneDrive - Estudiantes ITCR\TEC\Estructuras de Datos\Proyecto_0\LinkedList.h(130,5):
          'std::basic_ostream<char,std::char_traits<char>> &std::basic_ostream<char,std::char_traits<char>>::operator <<(__int64)': el argumento 2 no puede convertirse de 'E' a '__int64'
          with
          [
              E=Usuario
          ]
              C:\Users\Jose\OneDrive - Estudiantes ITCR\TEC\Estructuras de Datos\Proyecto_0\LinkedList.h(130,17):
              No hay disponible ningún operador de conversión definido por el usuario que pueda realizar esta conversión, o bien no se puede llamar al operador
      C:\Program Files\Microsoft Visual Studio\18\Community\VC\Tools\MSVC\14.50.35717\include\__msvc_ostream.hpp(340,39):
      o       'std::basic_ostream<char,std::char_traits<char>> &std::basic_ostream<char,std::char_traits<char>>::operator <<(unsigned long)'
          C:\Users\Jose\OneDrive - Estudiantes ITCR\TEC\Estructuras de Datos\Proyecto_0\LinkedList.h(130,5):
          'std::basic_ostream<char,std::char_traits<char>> &std::basic_ostream<char,std::char_traits<char>>::operator <<(unsigned long)': el argumento 2 no puede convertirse de 'E' a 'unsigned long'
          with
          [
              E=Usuario
          ]
              C:\Users\Jose\OneDrive - Estudiantes ITCR\TEC\Estructuras de Datos\Proyecto_0\LinkedList.h(130,17):
              No hay disponible ningún operador de conversión definido por el usuario que pueda realizar esta conversión, o bien no se puede llamar al operador
      C:\Program Files\Microsoft Visual Studio\18\Community\VC\Tools\MSVC\14.50.35717\include\__msvc_ostream.hpp(322,39):
      o       'std::basic_ostream<char,std::char_traits<char>> &std::basic_ostream<char,std::char_traits<char>>::operator <<(long)'
          C:\Users\Jose\OneDrive - Estudiantes ITCR\TEC\Estructuras de Datos\Proyecto_0\LinkedList.h(130,5):
          'std::basic_ostream<char,std::char_traits<char>> &std::basic_ostream<char,std::char_traits<char>>::operator <<(long)': el argumento 2 no puede convertirse de 'E' a 'long'
          with
          [
              E=Usuario
          ]
              C:\Users\Jose\OneDrive - Estudiantes ITCR\TEC\Estructuras de Datos\Proyecto_0\LinkedList.h(130,17):
              No hay disponible ningún operador de conversión definido por el usuario que pueda realizar esta conversión, o bien no se puede llamar al operador
      C:\Program Files\Microsoft Visual Studio\18\Community\VC\Tools\MSVC\14.50.35717\include\__msvc_ostream.hpp(303,39):
      o       'std::basic_ostream<char,std::char_traits<char>> &std::basic_ostream<char,std::char_traits<char>>::operator <<(unsigned int)'
          C:\Users\Jose\OneDrive - Estudiantes ITCR\TEC\Estructuras de Datos\Proyecto_0\LinkedList.h(130,5):
          'std::basic_ostream<char,std::char_traits<char>> &std::basic_ostream<char,std::char_traits<char>>::operator <<(unsigned int)': el argumento 2 no puede convertirse de 'E' a 'unsigned int'
          with
          [
              E=Usuario
          ]
              C:\Users\Jose\OneDrive - Estudiantes ITCR\TEC\Estructuras de Datos\Proyecto_0\LinkedList.h(130,17):
              No hay disponible ningún operador de conversión definido por el usuario que pueda realizar esta conversión, o bien no se puede llamar al operador
      C:\Program Files\Microsoft Visual Studio\18\Community\VC\Tools\MSVC\14.50.35717\include\__msvc_ostream.hpp(277,39):
      o       'std::basic_ostream<char,std::char_traits<char>> &std::basic_ostream<char,std::char_traits<char>>::operator <<(int)'
          C:\Users\Jose\OneDrive - Estudiantes ITCR\TEC\Estructuras de Datos\Proyecto_0\LinkedList.h(130,5):
          'std::basic_ostream<char,std::char_traits<char>> &std::basic_ostream<char,std::char_traits<char>>::operator <<(int)': el argumento 2 no puede convertirse de 'E' a 'int'
          with
          [
              E=Usuario
          ]
              C:\Users\Jose\OneDrive - Estudiantes ITCR\TEC\Estructuras de Datos\Proyecto_0\LinkedList.h(130,17):
              No hay disponible ningún operador de conversión definido por el usuario que pueda realizar esta conversión, o bien no se puede llamar al operador
      C:\Program Files\Microsoft Visual Studio\18\Community\VC\Tools\MSVC\14.50.35717\include\__msvc_ostream.hpp(258,39):
      o       'std::basic_ostream<char,std::char_traits<char>> &std::basic_ostream<char,std::char_traits<char>>::operator <<(unsigned short)'
          C:\Users\Jose\OneDrive - Estudiantes ITCR\TEC\Estructuras de Datos\Proyecto_0\LinkedList.h(130,5):
          'std::basic_ostream<char,std::char_traits<char>> &std::basic_ostream<char,std::char_traits<char>>::operator <<(unsigned short)': el argumento 2 no puede convertirse de 'E' a 'unsigned short'
          with
          [
              E=Usuario
          ]
              C:\Users\Jose\OneDrive - Estudiantes ITCR\TEC\Estructuras de Datos\Proyecto_0\LinkedList.h(130,17):
              No hay disponible ningún operador de conversión definido por el usuario que pueda realizar esta conversión, o bien no se puede llamar al operador
      C:\Program Files\Microsoft Visual Studio\18\Community\VC\Tools\MSVC\14.50.35717\include\__msvc_ostream.hpp(224,39):
      o       'std::basic_ostream<char,std::char_traits<char>> &std::basic_ostream<char,std::char_traits<char>>::operator <<(short)'
          C:\Users\Jose\OneDrive - Estudiantes ITCR\TEC\Estructuras de Datos\Proyecto_0\LinkedList.h(130,5):
          'std::basic_ostream<char,std::char_traits<char>> &std::basic_ostream<char,std::char_traits<char>>::operator <<(short)': el argumento 2 no puede convertirse de 'E' a 'short'
          with
          [
              E=Usuario
          ]
              C:\Users\Jose\OneDrive - Estudiantes ITCR\TEC\Estructuras de Datos\Proyecto_0\LinkedList.h(130,17):
              No hay disponible ningún operador de conversión definido por el usuario que pueda realizar esta conversión, o bien no se puede llamar al operador
      C:\Program Files\Microsoft Visual Studio\18\Community\VC\Tools\MSVC\14.50.35717\include\__msvc_ostream.hpp(206,39):
      o       'std::basic_ostream<char,std::char_traits<char>> &std::basic_ostream<char,std::char_traits<char>>::operator <<(bool)'
          C:\Users\Jose\OneDrive - Estudiantes ITCR\TEC\Estructuras de Datos\Proyecto_0\LinkedList.h(130,5):
          'std::basic_ostream<char,std::char_traits<char>> &std::basic_ostream<char,std::char_traits<char>>::operator <<(bool)': el argumento 2 no puede convertirse de 'E' a 'bool'
          with
          [
              E=Usuario
          ]
              C:\Users\Jose\OneDrive - Estudiantes ITCR\TEC\Estructuras de Datos\Proyecto_0\LinkedList.h(130,17):
              No hay disponible ningún operador de conversión definido por el usuario que pueda realizar esta conversión, o bien no se puede llamar al operador
      C:\Program Files\Microsoft Visual Studio\18\Community\VC\Tools\MSVC\14.50.35717\include\__msvc_ostream.hpp(200,39):
      o       'std::basic_ostream<char,std::char_traits<char>> &std::basic_ostream<char,std::char_traits<char>>::operator <<(std::ios_base &(__cdecl *)(std::ios_base &))'
          C:\Users\Jose\OneDrive - Estudiantes ITCR\TEC\Estructuras de Datos\Proyecto_0\LinkedList.h(130,5):
          'std::basic_ostream<char,std::char_traits<char>> &std::basic_ostream<char,std::char_traits<char>>::operator <<(std::ios_base &(__cdecl *)(std::ios_base &))': el argumento 2 no puede convertirse de 'E' a 'std::ios_base &(__cdecl *)(std::ios_base &)'
          with
          [
              E=Usuario
          ]
              C:\Users\Jose\OneDrive - Estudiantes ITCR\TEC\Estructuras de Datos\Proyecto_0\LinkedList.h(130,17):
              No hay disponible ningún operador de conversión definido por el usuario que pueda realizar esta conversión, o bien no se puede llamar al operador
      C:\Program Files\Microsoft Visual Studio\18\Community\VC\Tools\MSVC\14.50.35717\include\__msvc_ostream.hpp(194,39):
      o       'std::basic_ostream<char,std::char_traits<char>> &std::basic_ostream<char,std::char_traits<char>>::operator <<(std::basic_ios<char,std::char_traits<char>> &(__cdecl *)(std::basic_ios<char,std::char_traits<char>> &))'
          C:\Users\Jose\OneDrive - Estudiantes ITCR\TEC\Estructuras de Datos\Proyecto_0\LinkedList.h(130,5):
          'std::basic_ostream<char,std::char_traits<char>> &std::basic_ostream<char,std::char_traits<char>>::operator <<(std::basic_ios<char,std::char_traits<char>> &(__cdecl *)(std::basic_ios<char,std::char_traits<char>> &))': el argumento 2 no puede convertirse de 'E' a 'std::basic_ios<char,std::char_traits<char>> &(__cdecl *)(std::basic_ios<char,std::char_traits<char>> &)'
          with
          [
              E=Usuario
          ]
              C:\Users\Jose\OneDrive - Estudiantes ITCR\TEC\Estructuras de Datos\Proyecto_0\LinkedList.h(130,17):
              No hay disponible ningún operador de conversión definido por el usuario que pueda realizar esta conversión, o bien no se puede llamar al operador
      C:\Program Files\Microsoft Visual Studio\18\Community\VC\Tools\MSVC\14.50.35717\include\__msvc_ostream.hpp(189,39):
      o       'std::basic_ostream<char,std::char_traits<char>> &std::basic_ostream<char,std::char_traits<char>>::operator <<(std::basic_ostream<char,std::char_traits<char>> &(__cdecl *)(std::basic_ostream<char,std::char_traits<char>> &))'
          C:\Users\Jose\OneDrive - Estudiantes ITCR\TEC\Estructuras de Datos\Proyecto_0\LinkedList.h(130,5):
          'std::basic_ostream<char,std::char_traits<char>> &std::basic_ostream<char,std::char_traits<char>>::operator <<(std::basic_ostream<char,std::char_traits<char>> &(__cdecl *)(std::basic_ostream<char,std::char_traits<char>> &))': el argumento 2 no puede convertirse de 'E' a 'std::basic_ostream<char,std::char_traits<char>> &(__cdecl *)(std::basic_ostream<char,std::char_traits<char>> &)'
          with
          [
              E=Usuario
          ]
              C:\Users\Jose\OneDrive - Estudiantes ITCR\TEC\Estructuras de Datos\Proyecto_0\LinkedList.h(130,17):
              No hay disponible ningún operador de conversión definido por el usuario que pueda realizar esta conversión, o bien no se puede llamar al operador
      C:\Program Files\Microsoft Visual Studio\18\Community\VC\Tools\MSVC\14.50.35717\include\__msvc_ostream.hpp(475,20):
      o       'std::basic_ostream<char,std::char_traits<char>> &std::basic_ostream<char,std::char_traits<char>>::operator <<(std::nullptr_t)'
          C:\Users\Jose\OneDrive - Estudiantes ITCR\TEC\Estructuras de Datos\Proyecto_0\LinkedList.h(130,17):
          'inicializando': no se puede realizar la conversión de 'E' a 'std::nullptr_t'
          with
          [
              E=Usuario
          ]
              C:\Users\Jose\OneDrive - Estudiantes ITCR\TEC\Estructuras de Datos\Proyecto_0\LinkedList.h(130,17):
              No hay disponible ningún operador de conversión definido por el usuario que pueda realizar esta conversión, o bien no se puede llamar al operador
      C:\Program Files\Microsoft Visual Studio\18\Community\VC\Tools\MSVC\14.50.35717\include\cstddef(37,27):
      o       'std::byte std::operator <<(const std::byte,const _IntType) noexcept'
          C:\Users\Jose\OneDrive - Estudiantes ITCR\TEC\Estructuras de Datos\Proyecto_0\LinkedList.h(130,5):
          "std::byte std::operator <<(const std::byte,const _IntType) noexcept": no se pudo deducir el argumento plantilla para "__formal"
              C:\Program Files\Microsoft Visual Studio\18\Community\VC\Tools\MSVC\14.50.35717\include\cstddef(36,39):
              'std::enable_if_t<false,int>': no se pudo especializar la plantilla de alias
      C:\Program Files\Microsoft Visual Studio\18\Community\VC\Tools\MSVC\14.50.35717\include\__msvc_string_view.hpp(2097,32):
      o       'std::basic_ostream<_Elem,_Traits> &std::operator <<(std::basic_ostream<_Elem,_Traits> &,const std::basic_string_view<_Elem,_Traits>)'
          C:\Users\Jose\OneDrive - Estudiantes ITCR\TEC\Estructuras de Datos\Proyecto_0\LinkedList.h(130,5):
          "std::basic_ostream<_Elem,_Traits> &std::operator <<(std::basic_ostream<_Elem,_Traits> &,const std::basic_string_view<_Elem,_Traits>)": no se pudo deducir el argumento plantilla para "const std::basic_string_view<_Elem,_Traits>" de "E"
          with
          [
              E=Usuario
          ]
      C:\Program Files\Microsoft Visual Studio\18\Community\VC\Tools\MSVC\14.50.35717\include\xstring(3532,32):
      o       'std::basic_ostream<_Elem,_Traits> &std::operator <<(std::basic_ostream<_Elem,_Traits> &,const std::basic_string<_Elem,_Traits,_Alloc> &)'
          C:\Users\Jose\OneDrive - Estudiantes ITCR\TEC\Estructuras de Datos\Proyecto_0\LinkedList.h(130,5):
          "std::basic_ostream<_Elem,_Traits> &std::operator <<(std::basic_ostream<_Elem,_Traits> &,const std::basic_string<_Elem,_Traits,_Alloc> &)": no se pudo deducir el argumento plantilla para "const std::basic_string<_Elem,_Traits,_Alloc> &" de "E"
          with
          [
              E=Usuario
          ]
      C:\Program Files\Microsoft Visual Studio\18\Community\VC\Tools\MSVC\14.50.35717\include\memory(2015,32):
      o       'std::basic_ostream<_Elem,_Traits> &std::operator <<(std::basic_ostream<_Elem,_Traits> &,const std::shared_ptr<_Ty> &)'
          C:\Users\Jose\OneDrive - Estudiantes ITCR\TEC\Estructuras de Datos\Proyecto_0\LinkedList.h(130,5):
          "std::basic_ostream<_Elem,_Traits> &std::operator <<(std::basic_ostream<_Elem,_Traits> &,const std::shared_ptr<_Ty> &)": no se pudo deducir el argumento plantilla para "const std::shared_ptr<_Ty> &" de "E"
          with
          [
              E=Usuario
          ]
      C:\Program Files\Microsoft Visual Studio\18\Community\VC\Tools\MSVC\14.50.35717\include\memory(3821,32):
      o       'std::basic_ostream<_Elem,_Traits> &std::operator <<(std::basic_ostream<_Elem,_Traits> &,const std::unique_ptr<_Ty2,_Dx2> &)'
          C:\Users\Jose\OneDrive - Estudiantes ITCR\TEC\Estructuras de Datos\Proyecto_0\LinkedList.h(130,5):
          "std::basic_ostream<_Elem,_Traits> &std::operator <<(std::basic_ostream<_Elem,_Traits> &,const std::unique_ptr<_Ty2,_Dx2> &)": no se pudo deducir el argumento plantilla para "const std::unique_ptr<_Ty2,_Dx2> &" de "E"
          with
          [
              E=Usuario
          ]
      C:\Program Files\Microsoft Visual Studio\18\Community\VC\Tools\MSVC\14.50.35717\include\__msvc_ostream.hpp(688,32):
      o       'std::basic_ostream<_Elem,_Traits> &std::operator <<(std::basic_ostream<_Elem,_Traits> &,const char *)'
          C:\Users\Jose\OneDrive - Estudiantes ITCR\TEC\Estructuras de Datos\Proyecto_0\LinkedList.h(130,17):
          'inicializando': no se puede realizar la conversión de 'E' a 'const char *'
          with
          [
              E=Usuario
          ]
              C:\Users\Jose\OneDrive - Estudiantes ITCR\TEC\Estructuras de Datos\Proyecto_0\LinkedList.h(130,17):
              No hay disponible ningún operador de conversión definido por el usuario que pueda realizar esta conversión, o bien no se puede llamar al operador
      C:\Program Files\Microsoft Visual Studio\18\Community\VC\Tools\MSVC\14.50.35717\include\__msvc_ostream.hpp(732,32):
      o       'std::basic_ostream<_Elem,_Traits> &std::operator <<(std::basic_ostream<_Elem,_Traits> &,char)'
          C:\Users\Jose\OneDrive - Estudiantes ITCR\TEC\Estructuras de Datos\Proyecto_0\LinkedList.h(130,17):
          'inicializando': no se puede realizar la conversión de 'E' a 'char'
          with
          [
              E=Usuario
          ]
              C:\Users\Jose\OneDrive - Estudiantes ITCR\TEC\Estructuras de Datos\Proyecto_0\LinkedList.h(130,17):
              No hay disponible ningún operador de conversión definido por el usuario que pueda realizar esta conversión, o bien no se puede llamar al operador
      C:\Program Files\Microsoft Visual Studio\18\Community\VC\Tools\MSVC\14.50.35717\include\__msvc_ostream.hpp(768,31):
      o       'std::basic_ostream<char,_Traits> &std::operator <<(std::basic_ostream<char,_Traits> &,const char *)'
          C:\Users\Jose\OneDrive - Estudiantes ITCR\TEC\Estructuras de Datos\Proyecto_0\LinkedList.h(130,17):
          'inicializando': no se puede realizar la conversión de 'E' a 'const char *'
          with
          [
              E=Usuario
          ]
              C:\Users\Jose\OneDrive - Estudiantes ITCR\TEC\Estructuras de Datos\Proyecto_0\LinkedList.h(130,17):
              No hay disponible ningún operador de conversión definido por el usuario que pueda realizar esta conversión, o bien no se puede llamar al operador
      C:\Program Files\Microsoft Visual Studio\18\Community\VC\Tools\MSVC\14.50.35717\include\__msvc_ostream.hpp(813,31):
      o       'std::basic_ostream<char,_Traits> &std::operator <<(std::basic_ostream<char,_Traits> &,char)'
          C:\Users\Jose\OneDrive - Estudiantes ITCR\TEC\Estructuras de Datos\Proyecto_0\LinkedList.h(130,17):
          'inicializando': no se puede realizar la conversión de 'E' a 'char'
          with
          [
              E=Usuario
          ]
              C:\Users\Jose\OneDrive - Estudiantes ITCR\TEC\Estructuras de Datos\Proyecto_0\LinkedList.h(130,17):
              No hay disponible ningún operador de conversión definido por el usuario que pueda realizar esta conversión, o bien no se puede llamar al operador
      C:\Program Files\Microsoft Visual Studio\18\Community\VC\Tools\MSVC\14.50.35717\include\__msvc_ostream.hpp(851,32):
      o       'std::basic_ostream<_Elem,_Traits> &std::operator <<(std::basic_ostream<_Elem,_Traits> &,const _Elem *)'
          C:\Users\Jose\OneDrive - Estudiantes ITCR\TEC\Estructuras de Datos\Proyecto_0\LinkedList.h(130,5):
          "std::basic_ostream<_Elem,_Traits> &std::operator <<(std::basic_ostream<_Elem,_Traits> &,const _Elem *)": no se pudo deducir el argumento plantilla para "const _Elem *" de "E"
          with
          [
              E=Usuario
          ]
      C:\Program Files\Microsoft Visual Studio\18\Community\VC\Tools\MSVC\14.50.35717\include\__msvc_ostream.hpp(894,32):
      o       'std::basic_ostream<_Elem,_Traits> &std::operator <<(std::basic_ostream<_Elem,_Traits> &,_Elem)'
          C:\Users\Jose\OneDrive - Estudiantes ITCR\TEC\Estructuras de Datos\Proyecto_0\LinkedList.h(130,5):
          "std::basic_ostream<_Elem,_Traits> &std::operator <<(std::basic_ostream<_Elem,_Traits> &,_Elem)": el parámetro de plantilla "_Elem" es ambiguo
              C:\Users\Jose\OneDrive - Estudiantes ITCR\TEC\Estructuras de Datos\Proyecto_0\LinkedList.h(130,5):
              puede ser 'E'
          with
          [
              E=Usuario
          ]
              C:\Users\Jose\OneDrive - Estudiantes ITCR\TEC\Estructuras de Datos\Proyecto_0\LinkedList.h(130,5):
              o       'char'
          C:\Users\Jose\OneDrive - Estudiantes ITCR\TEC\Estructuras de Datos\Proyecto_0\LinkedList.h(130,5):
          "std::basic_ostream<_Elem,_Traits> &std::operator <<(std::basic_ostream<_Elem,_Traits> &,_Elem)": no se pudo deducir el argumento plantilla para "_Elem" de "E"
          with
          [
              E=Usuario
          ]
      C:\Program Files\Microsoft Visual Studio\18\Community\VC\Tools\MSVC\14.50.35717\include\__msvc_ostream.hpp(930,31):
      o       'std::basic_ostream<char,_Traits> &std::operator <<(std::basic_ostream<char,_Traits> &,const signed char *)'
          C:\Users\Jose\OneDrive - Estudiantes ITCR\TEC\Estructuras de Datos\Proyecto_0\LinkedList.h(130,17):
          'inicializando': no se puede realizar la conversión de 'E' a 'const signed char *'
          with
          [
              E=Usuario
          ]
              C:\Users\Jose\OneDrive - Estudiantes ITCR\TEC\Estructuras de Datos\Proyecto_0\LinkedList.h(130,17):
              No hay disponible ningún operador de conversión definido por el usuario que pueda realizar esta conversión, o bien no se puede llamar al operador
      C:\Program Files\Microsoft Visual Studio\18\Community\VC\Tools\MSVC\14.50.35717\include\__msvc_ostream.hpp(936,31):
      o       'std::basic_ostream<char,_Traits> &std::operator <<(std::basic_ostream<char,_Traits> &,signed char)'
          C:\Users\Jose\OneDrive - Estudiantes ITCR\TEC\Estructuras de Datos\Proyecto_0\LinkedList.h(130,17):
          'inicializando': no se puede realizar la conversión de 'E' a 'signed char'
          with
          [
              E=Usuario
          ]
              C:\Users\Jose\OneDrive - Estudiantes ITCR\TEC\Estructuras de Datos\Proyecto_0\LinkedList.h(130,17):
              No hay disponible ningún operador de conversión definido por el usuario que pueda realizar esta conversión, o bien no se puede llamar al operador
      C:\Program Files\Microsoft Visual Studio\18\Community\VC\Tools\MSVC\14.50.35717\include\__msvc_ostream.hpp(941,31):
      o       'std::basic_ostream<char,_Traits> &std::operator <<(std::basic_ostream<char,_Traits> &,const unsigned char *)'
          C:\Users\Jose\OneDrive - Estudiantes ITCR\TEC\Estructuras de Datos\Proyecto_0\LinkedList.h(130,17):
          'inicializando': no se puede realizar la conversión de 'E' a 'const unsigned char *'
          with
          [
              E=Usuario
          ]
              C:\Users\Jose\OneDrive - Estudiantes ITCR\TEC\Estructuras de Datos\Proyecto_0\LinkedList.h(130,17):
              No hay disponible ningún operador de conversión definido por el usuario que pueda realizar esta conversión, o bien no se puede llamar al operador
      C:\Program Files\Microsoft Visual Studio\18\Community\VC\Tools\MSVC\14.50.35717\include\__msvc_ostream.hpp(947,31):
      o       'std::basic_ostream<char,_Traits> &std::operator <<(std::basic_ostream<char,_Traits> &,unsigned char)'
          C:\Users\Jose\OneDrive - Estudiantes ITCR\TEC\Estructuras de Datos\Proyecto_0\LinkedList.h(130,17):
          'inicializando': no se puede realizar la conversión de 'E' a 'unsigned char'
          with
          [
              E=Usuario
          ]
              C:\Users\Jose\OneDrive - Estudiantes ITCR\TEC\Estructuras de Datos\Proyecto_0\LinkedList.h(130,17):
              No hay disponible ningún operador de conversión definido por el usuario que pueda realizar esta conversión, o bien no se puede llamar al operador
      C:\Program Files\Microsoft Visual Studio\18\Community\VC\Tools\MSVC\14.50.35717\include\__msvc_ostream.hpp(955,31):
      o       'std::basic_ostream<char,_Traits> &std::operator <<(std::basic_ostream<char,_Traits> &,const char8_t *)'
          C:\Users\Jose\OneDrive - Estudiantes ITCR\TEC\Estructuras de Datos\Proyecto_0\LinkedList.h(130,17):
          'inicializando': no se puede realizar la conversión de 'E' a 'const char8_t *'
          with
          [
              E=Usuario
          ]
              C:\Users\Jose\OneDrive - Estudiantes ITCR\TEC\Estructuras de Datos\Proyecto_0\LinkedList.h(130,17):
              No hay disponible ningún operador de conversión definido por el usuario que pueda realizar esta conversión, o bien no se puede llamar al operador
      C:\Program Files\Microsoft Visual Studio\18\Community\VC\Tools\MSVC\14.50.35717\include\__msvc_ostream.hpp(957,34):
      o       'std::basic_ostream<wchar_t,_Traits> &std::operator <<(std::basic_ostream<wchar_t,_Traits> &,const char8_t *)'
          C:\Users\Jose\OneDrive - Estudiantes ITCR\TEC\Estructuras de Datos\Proyecto_0\LinkedList.h(130,5):
          "std::basic_ostream<wchar_t,_Traits> &std::operator <<(std::basic_ostream<wchar_t,_Traits> &,const char8_t *)": no se pudo deducir el argumento plantilla para "std::basic_ostream<wchar_t,_Traits> &" de "std::ostream"
      C:\Program Files\Microsoft Visual Studio\18\Community\VC\Tools\MSVC\14.50.35717\include\__msvc_ostream.hpp(961,31):
      o       'std::basic_ostream<char,_Traits> &std::operator <<(std::basic_ostream<char,_Traits> &,char8_t)'
          C:\Users\Jose\OneDrive - Estudiantes ITCR\TEC\Estructuras de Datos\Proyecto_0\LinkedList.h(130,17):
          'inicializando': no se puede realizar la conversión de 'E' a 'char8_t'
          with
          [
              E=Usuario
          ]
              C:\Users\Jose\OneDrive - Estudiantes ITCR\TEC\Estructuras de Datos\Proyecto_0\LinkedList.h(130,17):
              No hay disponible ningún operador de conversión definido por el usuario que pueda realizar esta conversión, o bien no se puede llamar al operador
      C:\Program Files\Microsoft Visual Studio\18\Community\VC\Tools\MSVC\14.50.35717\include\__msvc_ostream.hpp(963,34):
      o       'std::basic_ostream<wchar_t,_Traits> &std::operator <<(std::basic_ostream<wchar_t,_Traits> &,char8_t)'
          C:\Users\Jose\OneDrive - Estudiantes ITCR\TEC\Estructuras de Datos\Proyecto_0\LinkedList.h(130,5):
          "std::basic_ostream<wchar_t,_Traits> &std::operator <<(std::basic_ostream<wchar_t,_Traits> &,char8_t)": no se pudo deducir el argumento plantilla para "std::basic_ostream<wchar_t,_Traits> &" de "std::ostream"
      C:\Program Files\Microsoft Visual Studio\18\Community\VC\Tools\MSVC\14.50.35717\include\__msvc_ostream.hpp(969,31):
      o       'std::basic_ostream<char,_Traits> &std::operator <<(std::basic_ostream<char,_Traits> &,wchar_t)'
          C:\Users\Jose\OneDrive - Estudiantes ITCR\TEC\Estructuras de Datos\Proyecto_0\LinkedList.h(130,17):
          'inicializando': no se puede realizar la conversión de 'E' a 'wchar_t'
          with
          [
              E=Usuario
          ]
              C:\Users\Jose\OneDrive - Estudiantes ITCR\TEC\Estructuras de Datos\Proyecto_0\LinkedList.h(130,17):
              No hay disponible ningún operador de conversión definido por el usuario que pueda realizar esta conversión, o bien no se puede llamar al operador
      C:\Program Files\Microsoft Visual Studio\18\Community\VC\Tools\MSVC\14.50.35717\include\__msvc_ostream.hpp(972,31):
      o       'std::basic_ostream<char,_Traits> &std::operator <<(std::basic_ostream<char,_Traits> &,const wchar_t *)'
          C:\Users\Jose\OneDrive - Estudiantes ITCR\TEC\Estructuras de Datos\Proyecto_0\LinkedList.h(130,17):
          'inicializando': no se puede realizar la conversión de 'E' a 'const wchar_t *'
          with
          [
              E=Usuario
          ]
              C:\Users\Jose\OneDrive - Estudiantes ITCR\TEC\Estructuras de Datos\Proyecto_0\LinkedList.h(130,17):
              No hay disponible ningún operador de conversión definido por el usuario que pueda realizar esta conversión, o bien no se puede llamar al operador
      C:\Program Files\Microsoft Visual Studio\18\Community\VC\Tools\MSVC\14.50.35717\include\__msvc_ostream.hpp(976,31):
      o       'std::basic_ostream<char,_Traits> &std::operator <<(std::basic_ostream<char,_Traits> &,char16_t)'
          C:\Users\Jose\OneDrive - Estudiantes ITCR\TEC\Estructuras de Datos\Proyecto_0\LinkedList.h(130,17):
          'inicializando': no se puede realizar la conversión de 'E' a 'char16_t'
          with
          [
              E=Usuario
          ]
              C:\Users\Jose\OneDrive - Estudiantes ITCR\TEC\Estructuras de Datos\Proyecto_0\LinkedList.h(130,17):
              No hay disponible ningún operador de conversión definido por el usuario que pueda realizar esta conversión, o bien no se puede llamar al operador
      C:\Program Files\Microsoft Visual Studio\18\Community\VC\Tools\MSVC\14.50.35717\include\__msvc_ostream.hpp(978,31):
      o       'std::basic_ostream<char,_Traits> &std::operator <<(std::basic_ostream<char,_Traits> &,char32_t)'
          C:\Users\Jose\OneDrive - Estudiantes ITCR\TEC\Estructuras de Datos\Proyecto_0\LinkedList.h(130,17):
          'inicializando': no se puede realizar la conversión de 'E' a 'char32_t'
          with
          [
              E=Usuario
          ]
              C:\Users\Jose\OneDrive - Estudiantes ITCR\TEC\Estructuras de Datos\Proyecto_0\LinkedList.h(130,17):
              No hay disponible ningún operador de conversión definido por el usuario que pueda realizar esta conversión, o bien no se puede llamar al operador
      C:\Program Files\Microsoft Visual Studio\18\Community\VC\Tools\MSVC\14.50.35717\include\__msvc_ostream.hpp(981,34):
      o       'std::basic_ostream<wchar_t,_Traits> &std::operator <<(std::basic_ostream<wchar_t,_Traits> &,char16_t)'
          C:\Users\Jose\OneDrive - Estudiantes ITCR\TEC\Estructuras de Datos\Proyecto_0\LinkedList.h(130,5):
          "std::basic_ostream<wchar_t,_Traits> &std::operator <<(std::basic_ostream<wchar_t,_Traits> &,char16_t)": no se pudo deducir el argumento plantilla para "std::basic_ostream<wchar_t,_Traits> &" de "std::ostream"
      C:\Program Files\Microsoft Visual Studio\18\Community\VC\Tools\MSVC\14.50.35717\include\__msvc_ostream.hpp(983,34):
      o       'std::basic_ostream<wchar_t,_Traits> &std::operator <<(std::basic_ostream<wchar_t,_Traits> &,char32_t)'
          C:\Users\Jose\OneDrive - Estudiantes ITCR\TEC\Estructuras de Datos\Proyecto_0\LinkedList.h(130,5):
          "std::basic_ostream<wchar_t,_Traits> &std::operator <<(std::basic_ostream<wchar_t,_Traits> &,char32_t)": no se pudo deducir el argumento plantilla para "std::basic_ostream<wchar_t,_Traits> &" de "std::ostream"
      C:\Program Files\Microsoft Visual Studio\18\Community\VC\Tools\MSVC\14.50.35717\include\__msvc_ostream.hpp(986,31):
      o       'std::basic_ostream<char,_Traits> &std::operator <<(std::basic_ostream<char,_Traits> &,const char16_t *)'
          C:\Users\Jose\OneDrive - Estudiantes ITCR\TEC\Estructuras de Datos\Proyecto_0\LinkedList.h(130,17):
          'inicializando': no se puede realizar la conversión de 'E' a 'const char16_t *'
          with
          [
              E=Usuario
          ]
              C:\Users\Jose\OneDrive - Estudiantes ITCR\TEC\Estructuras de Datos\Proyecto_0\LinkedList.h(130,17):
              No hay disponible ningún operador de conversión definido por el usuario que pueda realizar esta conversión, o bien no se puede llamar al operador
      C:\Program Files\Microsoft Visual Studio\18\Community\VC\Tools\MSVC\14.50.35717\include\__msvc_ostream.hpp(988,31):
      o       'std::basic_ostream<char,_Traits> &std::operator <<(std::basic_ostream<char,_Traits> &,const char32_t *)'
          C:\Users\Jose\OneDrive - Estudiantes ITCR\TEC\Estructuras de Datos\Proyecto_0\LinkedList.h(130,17):
          'inicializando': no se puede realizar la conversión de 'E' a 'const char32_t *'
          with
          [
              E=Usuario
          ]
              C:\Users\Jose\OneDrive - Estudiantes ITCR\TEC\Estructuras de Datos\Proyecto_0\LinkedList.h(130,17):
              No hay disponible ningún operador de conversión definido por el usuario que pueda realizar esta conversión, o bien no se puede llamar al operador
      C:\Program Files\Microsoft Visual Studio\18\Community\VC\Tools\MSVC\14.50.35717\include\__msvc_ostream.hpp(991,34):
      o       'std::basic_ostream<wchar_t,_Traits> &std::operator <<(std::basic_ostream<wchar_t,_Traits> &,const char16_t *)'
          C:\Users\Jose\OneDrive - Estudiantes ITCR\TEC\Estructuras de Datos\Proyecto_0\LinkedList.h(130,5):
          "std::basic_ostream<wchar_t,_Traits> &std::operator <<(std::basic_ostream<wchar_t,_Traits> &,const char16_t *)": no se pudo deducir el argumento plantilla para "std::basic_ostream<wchar_t,_Traits> &" de "std::ostream"
      C:\Program Files\Microsoft Visual Studio\18\Community\VC\Tools\MSVC\14.50.35717\include\__msvc_ostream.hpp(993,34):
      o       'std::basic_ostream<wchar_t,_Traits> &std::operator <<(std::basic_ostream<wchar_t,_Traits> &,const char32_t *)'
          C:\Users\Jose\OneDrive - Estudiantes ITCR\TEC\Estructuras de Datos\Proyecto_0\LinkedList.h(130,5):
          "std::basic_ostream<wchar_t,_Traits> &std::operator <<(std::basic_ostream<wchar_t,_Traits> &,const char32_t *)": no se pudo deducir el argumento plantilla para "std::basic_ostream<wchar_t,_Traits> &" de "std::ostream"
      C:\Program Files\Microsoft Visual Studio\18\Community\VC\Tools\MSVC\14.50.35717\include\__msvc_ostream.hpp(1005,9):
      o       '_Ostr &&std::operator <<(_Ostr &&,const _Ty &)'
          C:\Users\Jose\OneDrive - Estudiantes ITCR\TEC\Estructuras de Datos\Proyecto_0\LinkedList.h(130,5):
          "_Ostr &&std::operator <<(_Ostr &&,const _Ty &)": no se pudo deducir el argumento plantilla para "__formal"
              C:\Program Files\Microsoft Visual Studio\18\Community\VC\Tools\MSVC\14.50.35717\include\__msvc_ostream.hpp(1004,103):
              '<template-parameter>': no se puede crear un puntero a una referencia
      C:\Program Files\Microsoft Visual Studio\18\Community\VC\Tools\MSVC\14.50.35717\include\__msvc_ostream.hpp(1031,32):
      o       'std::basic_ostream<_Elem,_Traits> &std::operator <<(std::basic_ostream<_Elem,_Traits> &,const std::error_code &)'
          C:\Users\Jose\OneDrive - Estudiantes ITCR\TEC\Estructuras de Datos\Proyecto_0\LinkedList.h(130,17):
          'inicializando': no se puede realizar la conversión de 'E' a 'const std::error_code &'
          with
          [
              E=Usuario
          ]
              C:\Users\Jose\OneDrive - Estudiantes ITCR\TEC\Estructuras de Datos\Proyecto_0\LinkedList.h(130,17):
              Razón: no se puede realizar la conversión de 'E' a 'const std::error_code'
          with
          [
              E=Usuario
          ]
              C:\Users\Jose\OneDrive - Estudiantes ITCR\TEC\Estructuras de Datos\Proyecto_0\LinkedList.h(130,17):
              No hay disponible ningún operador de conversión definido por el usuario que pueda realizar esta conversión, o bien no se puede llamar al operador
      C:\Users\Jose\OneDrive - Estudiantes ITCR\TEC\Estructuras de Datos\Proyecto_0\LinkedList.h(130,5):
      al hacer coincidir la lista de argumentos '(std::ostream, E)'
          with
          [
              E=Usuario
          ]
  
